
[2026-09-03 18:53:40.234918] Failed: C:\podcasts\daniel_bitton_ep12.mp4
Traceback (most recent call last):
  File "C:\Users\n\Documents\hotshort\local_worker.py", line 1679, in _process_job
    _download_via_api(youtube_url, video_path)
  File "C:\Users\n\Documents\hotshort\local_worker.py", line 783, in _download_via_api
    video_id = _extract_video_id(youtube_url)
               ^^^^^^^^^^^^^^^^^^^^^^^^^^^^^^
  File "C:\Users\n\Documents\hotshort\local_worker.py", line 368, in _extract_video_id
    raise ValueError(f"Cannot extract video ID from URL: {youtube_url}")
ValueError: Cannot extract video ID from URL: C:\podcasts\daniel_bitton_ep12.mp4

During handling of the above exception, another exception occurred:

Traceback (most recent call last):
  File "C:\Users\n\Documents\hotshort\Overnight_Factory\auto_factory.py", line 95, in run_factory
    _process_job(job_dict, cloudinary_ok=False)
  File "C:\Users\n\Documents\hotshort\local_worker.py", line 1682, in _process_job
    _download_via_ytdlp(youtube_url, video_path)
  File "C:\Users\n\Documents\hotshort\local_worker.py", line 761, in _download_via_ytdlp
    raise RuntimeError(f"yt-dlp failed [{label}]: {last_err}")
RuntimeError: yt-dlp failed [firefox]: ERROR: Unable to handle request: Unsupported url scheme: "c" (requests, urllib, websockets, curl_cffi)



[2026-09-04 21:28:38.031026] Failed: https://youtu.be/kheI1eqAX9o
Traceback (most recent call last):
  File "C:\Users\n\Documents\hotshort\local_worker.py", line 1845, in run_orchestrator
    face_cache = FaceCache(video_path, haar_clips, format_map=_fc_fmt_map)
                 ^^^^^^^^^^^^^^^^^^^^^^^^^^^^^^^^^^^^^^^^^^^^^^^^^^^^^^^^^
  File "C:\Users\n\Documents\hotshort\local_worker.py", line 1071, in __init__
    self._precompute_clips_only(clips)
  File "C:\Users\n\Documents\hotshort\local_worker.py", line 1539, in _precompute_clips_only
    key, abs_results, rel_results = future.result()
                                    ^^^^^^^^^^^^^^^
  File "C:\Program Files\Python311\Lib\concurrent\futures\_base.py", line 449, in result
    return self.__get_result()
           ^^^^^^^^^^^^^^^^^^^
  File "C:\Program Files\Python311\Lib\concurrent\futures\_base.py", line 401, in __get_result
    raise self._exception
  File "C:\Program Files\Python311\Lib\concurrent\futures\thread.py", line 58, in run
    result = self.fn(*self.args, **self.kwargs)
             ^^^^^^^^^^^^^^^^^^^^^^^^^^^^^^^^^^
  File "C:\Users\n\Documents\hotshort\local_worker.py", line 1285, in scan_one_clip
    print(
  File "C:\Program Files\Python311\Lib\encodings\cp1252.py", line 19, in encode
    return codecs.charmap_encode(input,self.errors,encoding_table)[0]
           ^^^^^^^^^^^^^^^^^^^^^^^^^^^^^^^^^^^^^^^^^^^^^^^^^^^^^^^
UnicodeEncodeError: 'charmap' codec can't encode character '\u2713' in position 80: character maps to <undefined>

The above exception was the direct cause of the following exception:

Traceback (most recent call last):
  File "C:\Users\n\Documents\hotshort\local_worker.py", line 2124, in _process_job
    raise RuntimeError(f"Orchestrator failed before producing clips: {orch_state['error']}") from orch_state["error"]
RuntimeError: Orchestrator failed before producing clips: 'charmap' codec can't encode character '\u2713' in position 80: character maps to <undefined>

During handling of the above exception, another exception occurred:

Traceback (most recent call last):
  File "C:\Program Files\Python311\Lib\shutil.py", line 632, in _rmtree_unsafe
    os.unlink(fullname)
PermissionError: [WinError 32] The process cannot access the file because it is being used by another process: 'C:\\Users\\n\\AppData\\Local\\Temp\\tmpq9y5pjmc\\video.mp4'

During handling of the above exception, another exception occurred:

Traceback (most recent call last):
  File "C:\Users\n\Documents\hotshort\Overnight_Factory\auto_factory.py", line 97, in run_factory
    _process_job(job_dict, cloudinary_ok=False)
  File "C:\Users\n\Documents\hotshort\local_worker.py", line 1670, in _process_job
    with tempfile.TemporaryDirectory() as tmp:
  File "C:\Program Files\Python311\Lib\tempfile.py", line 943, in __exit__
    self.cleanup()
  File "C:\Program Files\Python311\Lib\tempfile.py", line 947, in cleanup
    self._rmtree(self.name, ignore_errors=self._ignore_cleanup_errors)
  File "C:\Program Files\Python311\Lib\tempfile.py", line 929, in _rmtree
    _shutil.rmtree(name, onerror=onerror)
  File "C:\Program Files\Python311\Lib\shutil.py", line 787, in rmtree
    return _rmtree_unsafe(path, onerror)
           ^^^^^^^^^^^^^^^^^^^^^^^^^^^^^
  File "C:\Program Files\Python311\Lib\shutil.py", line 634, in _rmtree_unsafe
    onerror(os.unlink, fullname, sys.exc_info())
  File "C:\Program Files\Python311\Lib\tempfile.py", line 893, in onerror
    _os.unlink(path)
PermissionError: [WinError 32] The process cannot access the file because it is being used by another process: 'C:\\Users\\n\\AppData\\Local\\Temp\\tmpq9y5pjmc\\video.mp4'


[2026-09-05 12:31:42.891737] Failed: https://youtu.be/EDSZE2RQzrU
Traceback (most recent call last):
  File "C:\Users\n\Documents\hotshort\local_worker.py", line 1680, in _process_job
    _download_via_api(youtube_url, video_path)
  File "C:\Users\n\Documents\hotshort\local_worker.py", line 790, in _download_via_api
    data = _rapidapi_fetch_streams(video_id)
           ^^^^^^^^^^^^^^^^^^^^^^^^^^^^^^^^^
  File "C:\Users\n\Documents\hotshort\local_worker.py", line 394, in _rapidapi_fetch_streams
    raise RuntimeError(f"RapidAPI /v2/video/details returned {resp.status_code}: {resp.text[:300]}")
RuntimeError: RapidAPI /v2/video/details returned 429: {"message":"You have exceeded the MONTHLY quota for Requests on your current plan, BASIC. Upgrade your plan at https:\/\/rapidapi.com\/DataFanatic\/api\/youtube-media-downloader"}

During handling of the above exception, another exception occurred:

Traceback (most recent call last):
  File "C:\Users\n\Documents\hotshort\Overnight_factory\auto_factory.py", line 97, in run_factory
    _process_job(job_dict, cloudinary_ok=False)
  File "C:\Users\n\Documents\hotshort\local_worker.py", line 1683, in _process_job
    _download_via_ytdlp(youtube_url, video_path)
  File "C:\Users\n\Documents\hotshort\local_worker.py", line 765, in _download_via_ytdlp
    raise RuntimeError(f"yt-dlp failed (all strategies exhausted): {last_err}")
RuntimeError: yt-dlp failed (all strategies exhausted): ERROR: [youtube] EDSZE2RQzrU: This video is unavailable



[2026-09-05 16:33:09.548029] Failed: https://youtu.be/kheI1eqAX9o
Traceback (most recent call last):
  File "C:\Users\n\Documents\hotshort\local_worker.py", line 2155, in _process_job
    producer.join()
  File "C:\Program Files\Python311\Lib\threading.py", line 1119, in join
    self._wait_for_tstate_lock()
  File "C:\Program Files\Python311\Lib\threading.py", line 1139, in _wait_for_tstate_lock
    if lock.acquire(block, timeout):
       ^^^^^^^^^^^^^^^^^^^^^^^^^^^^
KeyboardInterrupt

During handling of the above exception, another exception occurred:

Traceback (most recent call last):
  File "C:\Program Files\Python311\Lib\shutil.py", line 632, in _rmtree_unsafe
    os.unlink(fullname)
PermissionError: [WinError 32] The process cannot access the file because it is being used by another process: 'C:\\Users\\n\\AppData\\Local\\Temp\\tmp6k7be04l\\video.mp4'

During handling of the above exception, another exception occurred:

Traceback (most recent call last):
  File "C:\Users\n\Documents\hotshort\Overnight_factory\auto_factory.py", line 97, in run_factory
    _process_job(job_dict, cloudinary_ok=False)
  File "C:\Users\n\Documents\hotshort\local_worker.py", line 1670, in _process_job
    with tempfile.TemporaryDirectory() as tmp:
  File "C:\Program Files\Python311\Lib\tempfile.py", line 943, in __exit__
    self.cleanup()
  File "C:\Program Files\Python311\Lib\tempfile.py", line 947, in cleanup
    self._rmtree(self.name, ignore_errors=self._ignore_cleanup_errors)
  File "C:\Program Files\Python311\Lib\tempfile.py", line 929, in _rmtree
    _shutil.rmtree(name, onerror=onerror)
  File "C:\Program Files\Python311\Lib\shutil.py", line 787, in rmtree
    return _rmtree_unsafe(path, onerror)
           ^^^^^^^^^^^^^^^^^^^^^^^^^^^^^
  File "C:\Program Files\Python311\Lib\shutil.py", line 634, in _rmtree_unsafe
    onerror(os.unlink, fullname, sys.exc_info())
  File "C:\Program Files\Python311\Lib\tempfile.py", line 893, in onerror
    _os.unlink(path)
PermissionError: [WinError 32] The process cannot access the file because it is being used by another process: 'C:\\Users\\n\\AppData\\Local\\Temp\\tmp6k7be04l\\video.mp4'


[2026-09-05 17:57:38.023746] Failed: https://youtu.be/EDSZE2RQzrU
Traceback (most recent call last):
  File "C:\Users\n\Documents\hotshort\local_worker.py", line 1680, in _process_job
    _download_via_api(youtube_url, video_path)
  File "C:\Users\n\Documents\hotshort\local_worker.py", line 790, in _download_via_api
    data = _rapidapi_fetch_streams(video_id)
           ^^^^^^^^^^^^^^^^^^^^^^^^^^^^^^^^^
  File "C:\Users\n\Documents\hotshort\local_worker.py", line 394, in _rapidapi_fetch_streams
    raise RuntimeError(f"RapidAPI /v2/video/details returned {resp.status_code}: {resp.text[:300]}")
RuntimeError: RapidAPI /v2/video/details returned 429: {"message":"You have exceeded the MONTHLY quota for Requests on your current plan, BASIC. Upgrade your plan at https:\/\/rapidapi.com\/DataFanatic\/api\/youtube-media-downloader"}

During handling of the above exception, another exception occurred:

Traceback (most recent call last):
  File "C:\Users\n\Documents\hotshort\Overnight_Factory\auto_factory.py", line 97, in run_factory
    _process_job(job_dict, cloudinary_ok=False)
  File "C:\Users\n\Documents\hotshort\local_worker.py", line 1683, in _process_job
    _download_via_ytdlp(youtube_url, video_path)
  File "C:\Users\n\Documents\hotshort\local_worker.py", line 763, in _download_via_ytdlp
    raise RuntimeError(f"yt-dlp failed [{label}]: {last_err}")
RuntimeError: yt-dlp failed [chrome]: ERROR: Could not copy Chrome cookie database. See  https://github.com/yt-dlp/yt-dlp/issues/7271  for more info
ERROR: Could not copy Chrome cookie database. See  https://github.com/yt-dlp/yt-dlp/issues/7271  for more info



[2026-09-05 18:45:21.922605] Failed: https://youtu.be/9IFpbkoYqqo
Traceback (most recent call last):
  File "C:\Users\n\Documents\hotshort\local_worker.py", line 1680, in _process_job
    _download_via_api(youtube_url, video_path)
  File "C:\Users\n\Documents\hotshort\local_worker.py", line 790, in _download_via_api
    data = _rapidapi_fetch_streams(video_id)
           ^^^^^^^^^^^^^^^^^^^^^^^^^^^^^^^^^
  File "C:\Users\n\Documents\hotshort\local_worker.py", line 394, in _rapidapi_fetch_streams
    raise RuntimeError(f"RapidAPI /v2/video/details returned {resp.status_code}: {resp.text[:300]}")
RuntimeError: RapidAPI /v2/video/details returned 429: {"message":"You have exceeded the MONTHLY quota for Requests on your current plan, BASIC. Upgrade your plan at https:\/\/rapidapi.com\/DataFanatic\/api\/youtube-media-downloader"}

During handling of the above exception, another exception occurred:

Traceback (most recent call last):
  File "C:\Users\n\Documents\hotshort\Overnight_Factory\auto_factory.py", line 97, in run_factory
    _process_job(job_dict, cloudinary_ok=False)
  File "C:\Users\n\Documents\hotshort\local_worker.py", line 1683, in _process_job
    _download_via_ytdlp(youtube_url, video_path)
  File "C:\Users\n\Documents\hotshort\local_worker.py", line 763, in _download_via_ytdlp
    raise RuntimeError(f"yt-dlp failed [{label}]: {last_err}")
RuntimeError: yt-dlp failed [chrome]: ERROR: Could not copy Chrome cookie database. See  https://github.com/yt-dlp/yt-dlp/issues/7271  for more info
ERROR: Could not copy Chrome cookie database. See  https://github.com/yt-dlp/yt-dlp/issues/7271  for more info



[2026-09-05 18:58:54.726269] Failed: https://youtu.be/KBFBcVmNu_M
Traceback (most recent call last):
  File "C:\Users\n\Documents\hotshort\local_worker.py", line 1680, in _process_job
    _download_via_api(youtube_url, video_path)
  File "C:\Users\n\Documents\hotshort\local_worker.py", line 790, in _download_via_api
    data = _rapidapi_fetch_streams(video_id)
           ^^^^^^^^^^^^^^^^^^^^^^^^^^^^^^^^^
  File "C:\Users\n\Documents\hotshort\local_worker.py", line 394, in _rapidapi_fetch_streams
    raise RuntimeError(f"RapidAPI /v2/video/details returned {resp.status_code}: {resp.text[:300]}")
RuntimeError: RapidAPI /v2/video/details returned 429: {"message":"You have exceeded the MONTHLY quota for Requests on your current plan, BASIC. Upgrade your plan at https:\/\/rapidapi.com\/DataFanatic\/api\/youtube-media-downloader"}

During handling of the above exception, another exception occurred:

Traceback (most recent call last):
  File "C:\Users\n\Documents\hotshort\Overnight_Factory\auto_factory.py", line 97, in run_factory
    _process_job(job_dict, cloudinary_ok=False)
  File "C:\Users\n\Documents\hotshort\local_worker.py", line 1683, in _process_job
    _download_via_ytdlp(youtube_url, video_path)
  File "C:\Users\n\Documents\hotshort\local_worker.py", line 763, in _download_via_ytdlp
    raise RuntimeError(f"yt-dlp failed [{label}]: {last_err}")
RuntimeError: yt-dlp failed [chrome]: ERROR: Could not copy Chrome cookie database. See  https://github.com/yt-dlp/yt-dlp/issues/7271  for more info
ERROR: Could not copy Chrome cookie database. See  https://github.com/yt-dlp/yt-dlp/issues/7271  for more info


