{"logTime": "0921/075519", "correlationVector":"ehEtrsTJz8pqcTyFhePBs7.1","action":"SyncServerConnectionManagerRequest", "result":"SYNC_SERVER_OK", "context":{"environment":"Prod_southeastasia_prod-s01-065-apac-southeastasia", "migrationStage":"NotStarted", "server":"akswtt003000058"}}
{"logTime": "0921/075519", "correlationVector":"ehEtrsTJz8pqcTyFhePBs7.2","action":"ProcessGetUpdates", "result":"Done", "context":{"dataType":"Encryption Keys", "deleted":"0", "process_failed_to_decrypt":"0", "process_pending_decryption":"0", "process_success":"1", "total":"1"}}
{"logTime": "0921/075520", "correlationVector":"qgpKIOo3FnQHi0lPpZmw8U","action":"SyncServerConnectionManagerRequest", "result":"SYNC_SERVER_OK", "context":{"environment":"", "migrationStage":"", "server":""}}
{"logTime": "0921/075520", "correlationVector":"qgpKIOo3FnQHi0lPpZmw8U.0","action":"EncryptionKeysFetcher.DownloadKeys:", "result":"Success", "context":Key count: 1, Last key timestamp: 2026-06-02T06:22:27Z}
{"logTime": "0921/075520", "correlationVector":"qgpKIOo3FnQHi0lPpZmw8U.1","action":"EncryptionKeysManager::SetEncryptionKeys:", "result":"Success", "context":Key names[1]:[pMQHLx3Zc/ajeHWBpdYOdS/zoUkp2Pvu/ZwbcOb3y7cVQDUx7wMCBHlCpHG1HY1P/h53J6gW4LVdjpbPyRjEeQ==]}
{"logTime": "0921/075520", "correlationVector":"qgpKIOo3FnQHi0lPpZmw8U.2","action":"EncryptionKeysManager::SetEncryptionKeysWithTimestamps:", "result":"Success", "context":Key timestamps[1]:[2026-06-02T06:22:27Z]}
{"logTime": "0921/075520", "correlationVector":"ehEtrsTJz8pqcTyFhePBs7","action":"Initial GetUpdates", "result":"", "context":Reason: NEW_CLIENT. cV=ehEtrsTJz8pqcTyFhePBs7}
{"logTime": "0921/075520", "correlationVector":"ehEtrsTJz8pqcTyFhePBs7.3","action":"GetUpdates Response", "result":"Success", "context":Received 1 update(s). cV=ehEtrsTJz8pqcTyFhePBs7.0;server=akswtt003000058;cloudType=Consumer;environment=Prod_southeastasia_prod-s01-065-apac-southeastasia;migrationStage=NotStarted}
{"logTime": "0921/075520", "correlationVector":"BeQVwxPbkgaL3zvEHurv4u","action":"Initial GetUpdates", "result":"", "context":Reason: NEWLY_SUPPORTED_DATATYPE. cV=BeQVwxPbkgaL3zvEHurv4u}
{"logTime": "0921/075521", "correlationVector":"BeQVwxPbkgaL3zvEHurv4u.1","action":"SyncServerConnectionManagerRequest", "result":"SYNC_SERVER_OK", "context":{"environment":"Prod_southindia_prod-s01-004-apac-southindia", "migrationStage":"NotStarted", "server":"akswtt10700005p"}}
{"logTime": "0921/075521", "correlationVector":"BeQVwxPbkgaL3zvEHurv4u.2","action":"ProcessGetUpdates", "result":"Done", "context":{"dataType":"Device Info", "deleted":"0", "process_failed_to_decrypt":"0", "process_pending_decryption":"0", "process_success":"1", "total":"1"}}
{"logTime": "0921/075521", "correlationVector":"BeQVwxPbkgaL3zvEHurv4u.3","action":"GetUpdates Response", "result":"Success", "context":Received 1 update(s). cV=BeQVwxPbkgaL3zvEHurv4u.0;server=akswtt10700005p;cloudType=Consumer;environment=Prod_southindia_prod-s01-004-apac-southindia;migrationStage=NotStarted}
{"logTime": "0921/075521", "correlationVector":"aKtTSAlgIqtMJY3hTRO4uR","action":"Initial GetUpdates", "result":"", "context":Reason: NEWLY_SUPPORTED_DATATYPE. cV=aKtTSAlgIqtMJY3hTRO4uR}
{"logTime": "0921/075522", "correlationVector":"aKtTSAlgIqtMJY3hTRO4uR.1","action":"SyncServerConnectionManagerRequest", "result":"SYNC_SERVER_OK", "context":{"environment":"Prod_southindia_prod-s01-004-apac-southindia", "migrationStage":"NotStarted", "server":"akswtt107000055"}}
{"logTime": "0921/075522", "correlationVector":"aKtTSAlgIqtMJY3hTRO4uR.2","action":"GetUpdates Response", "result":"Success", "context":Received 0 update(s). cV=aKtTSAlgIqtMJY3hTRO4uR.0;server=akswtt107000055;cloudType=Consumer;environment=Prod_southindia_prod-s01-004-apac-southindia;migrationStage=NotStarted}
{"logTime": "0921/075522", "correlationVector":"VR/bJ8459k/ZTuDhkhMSP/","action":"Normal GetUpdate request", "result":"", "context":cV=VR/bJ8459k/ZTuDhkhMSP/
Nudged types: Device Info
Refresh requested types: Extensions, Extension settings, Device Info, User Consents, Send Tab To Self, Web Apps, Encryption Keys}
{"logTime": "0921/075523", "correlationVector":"VR/bJ8459k/ZTuDhkhMSP/.1","action":"SyncServerConnectionManagerRequest", "result":"SYNC_SERVER_OK", "context":{"environment":"Prod_southindia_prod-s01-004-apac-southindia", "migrationStage":"NotStarted", "server":"akswtt107000055"}}
{"logTime": "0921/075523", "correlationVector":"VR/bJ8459k/ZTuDhkhMSP/.2","action":"GetUpdates Response", "result":"Success", "context":Received 0 update(s). cV=VR/bJ8459k/ZTuDhkhMSP/.0;server=akswtt107000055;cloudType=Consumer;environment=Prod_southindia_prod-s01-004-apac-southindia;migrationStage=NotStarted}
{"logTime": "0921/075523", "correlationVector":"NgOwVSj4JFkIlelDbTOq/0","action":"DoCompareDataConsistency requsted types: ", "result":"Extensions, Extension settings, Send Tab To Self, Web Apps, Encryption Keys"}
{"logTime": "0921/075523", "correlationVector":"NgOwVSj4JFkIlelDbTOq/0.0","action":"CompareDataConsistency result: ", "result":"Compare result: Encryption Keys is consistent. local entities count is: 1 local entities hash is: 4JAJjGzNCfT6vbCGhcK61Tp44qI="}
{"logTime": "0921/075523", "correlationVector":"NgOwVSj4JFkIlelDbTOq/0.1","action":"CompareDataConsistency result: ", "result":"Compare result: Extensions is consistent. local entities count is: 0 local entities hash is: "}
{"logTime": "0921/075523", "correlationVector":"NgOwVSj4JFkIlelDbTOq/0.2","action":"CompareDataConsistency result: ", "result":"Compare result: Extension settings is consistent. local entities count is: 0 local entities hash is: "}
{"logTime": "0921/075523", "correlationVector":"NgOwVSj4JFkIlelDbTOq/0.3","action":"CompareDataConsistency result: ", "result":"Server did not send this Send Tab To Self local entities count is: 0 local entities hash is: "}
{"logTime": "0921/075523", "correlationVector":"NgOwVSj4JFkIlelDbTOq/0.4","action":"CompareDataConsistency result: ", "result":"Compare result: Web Apps is consistent. local entities count is: 0 local entities hash is: "}
{"logTime": "0921/075523", "correlationVector":"M+Pw8Sfkrj63NV/KJrG8r+","action":"Commit Request", "result":"", "context":Item count: 1
Contributing types: Device Info}
{"logTime": "0921/075524", "correlationVector":"M+Pw8Sfkrj63NV/KJrG8r+.1","action":"SyncServerConnectionManagerRequest", "result":"SYNC_SERVER_OK", "context":{"environment":"Prod_southindia_prod-s01-004-apac-southindia", "migrationStage":"NotStarted", "server":"akswtt10700004s"}}
{"logTime": "0921/075524", "correlationVector":"M+Pw8Sfkrj63NV/KJrG8r+.2","action":"Commit Response", "result":"Success", "context":Result: Success. cV=M+Pw8Sfkrj63NV/KJrG8r+.0;server=akswtt10700004s;cloudType=Consumer;environment=Prod_southindia_prod-s01-004-apac-southindia;migrationStage=NotStarted}
{"logTime": "0921/075524", "correlationVector":"","action":"DIAGNOSTIC_REQUEST|v1/diagnosticData/Diagnostic.SendCheckResult()|SUCCESS", "result":""}
{"logTime": "0921/075529", "correlationVector":"XVpr4e76K1GLx8LP7HZC6e","action":"Initial GetUpdates", "result":"", "context":Reason: RECONFIGURATION. cV=XVpr4e76K1GLx8LP7HZC6e}
{"logTime": "0921/075529", "correlationVector":"XVpr4e76K1GLx8LP7HZC6e.1","action":"SyncServerConnectionManagerRequest", "result":"SYNC_SERVER_OK", "context":{"environment":"Prod_southindia_prod-s01-004-apac-southindia", "migrationStage":"NotStarted", "server":"akswtt107000056"}}
{"logTime": "0921/075529", "correlationVector":"XVpr4e76K1GLx8LP7HZC6e.2","action":"ProcessGetUpdates", "result":"Done", "context":{"dataType":"Device Info", "deleted":"0", "process_failed_to_decrypt":"0", "process_pending_decryption":"0", "process_success":"2", "total":"2"}}
{"logTime": "0921/075529", "correlationVector":"XVpr4e76K1GLx8LP7HZC6e.3","action":"GetUpdates Response", "result":"Success", "context":Received 2 update(s). cV=XVpr4e76K1GLx8LP7HZC6e.0;server=akswtt107000056;cloudType=Consumer;environment=Prod_southindia_prod-s01-004-apac-southindia;migrationStage=NotStarted}
{"logTime": "0921/075530", "correlationVector":"kBpsUMoI21pBasoqHKtMtv","action":"Initial GetUpdates", "result":"", "context":Reason: RECONFIGURATION. cV=kBpsUMoI21pBasoqHKtMtv}
{"logTime": "0921/075531", "correlationVector":"kBpsUMoI21pBasoqHKtMtv.1","action":"SyncServerConnectionManagerRequest", "result":"SYNC_SERVER_OK", "context":{"environment":"Prod_southindia_prod-s01-004-apac-southindia", "migrationStage":"NotStarted", "server":"akswtt1070000c3"}}
{"logTime": "0921/075531", "correlationVector":"kBpsUMoI21pBasoqHKtMtv.2","action":"ProcessGetUpdates", "result":"Done", "context":{"dataType":"Bookmarks", "deleted":"0", "process_failed_to_decrypt":"0", "process_pending_decryption":"0", "process_success":"6", "total":"6"}}
{"logTime": "0921/075531", "correlationVector":"kBpsUMoI21pBasoqHKtMtv.3","action":"ProcessGetUpdates", "result":"Done", "context":{"dataType":"Autofill", "deleted":"0", "process_failed_to_decrypt":"0", "process_pending_decryption":"0", "process_success":"1", "total":"1"}}
{"logTime": "0921/075531", "correlationVector":"kBpsUMoI21pBasoqHKtMtv.4","action":"GetUpdates Response", "result":"Success", "context":Received 7 update(s). cV=kBpsUMoI21pBasoqHKtMtv.0;server=akswtt1070000c3;cloudType=Consumer;environment=Prod_southindia_prod-s01-004-apac-southindia;migrationStage=NotStarted}
{"logTime": "0921/075531", "correlationVector":"A7xiY5tqQLpGOVkzOYbNYP","action":"Initial GetUpdates", "result":"", "context":Reason: RECONFIGURATION. cV=A7xiY5tqQLpGOVkzOYbNYP}
{"logTime": "0921/075531", "correlationVector":"A7xiY5tqQLpGOVkzOYbNYP.1","action":"SyncServerConnectionManagerRequest", "result":"SYNC_SERVER_OK", "context":{"environment":"Prod_southeastasia_prod-s01-065-apac-southeastasia", "migrationStage":"NotStarted", "server":"akswtt003000057"}}
{"logTime": "0921/075531", "correlationVector":"A7xiY5tqQLpGOVkzOYbNYP.2","action":"GetUpdates Response", "result":"Success", "context":Received 0 update(s). cV=A7xiY5tqQLpGOVkzOYbNYP.0;server=akswtt003000057;cloudType=Consumer;environment=Prod_southeastasia_prod-s01-065-apac-southeastasia;migrationStage=NotStarted}
{"logTime": "0921/075531", "correlationVector":"hpwanneXwYc8uXqB4QJY1i","action":"Normal GetUpdate request", "result":"", "context":cV=hpwanneXwYc8uXqB4QJY1i
Nudged types: Bookmarks, Preferences, Autofill Profiles, Autofill, Sessions, Device Info
Refresh requested types: Bookmarks, Preferences, Passwords, Autofill Profiles, Autofill, Extensions, Sessions, Extension settings, History Delete Directives, Device Info, User Consents, Send Tab To Self, Web Apps, History, Saved Tab Group, WebAuthn Credentials, Edge Hub App Usage, Edge Workspace, Encryption Keys}
{"logTime": "0921/075532", "correlationVector":"hpwanneXwYc8uXqB4QJY1i.1","action":"SyncServerConnectionManagerRequest", "result":"SYNC_SERVER_OK", "context":{"environment":"Prod_southindia_prod-s01-004-apac-southindia", "migrationStage":"NotStarted", "server":"akswtt10700004g"}}
{"logTime": "0921/075532", "correlationVector":"hpwanneXwYc8uXqB4QJY1i.2","action":"GetUpdates Response", "result":"Success", "context":Received 0 update(s). cV=hpwanneXwYc8uXqB4QJY1i.0;server=akswtt10700004g;cloudType=Consumer;environment=Prod_southindia_prod-s01-004-apac-southindia;migrationStage=NotStarted}
{"logTime": "0921/075532", "correlationVector":"eJCgSunCdSr3SiZIsX5VgI","action":"Commit Request", "result":"", "context":Item count: 40
Contributing types: Bookmarks, Preferences, Autofill Profiles, Autofill, Device Info}
{"logTime": "0921/075538", "correlationVector":"eJCgSunCdSr3SiZIsX5VgI.1","action":"SyncServerConnectionManagerRequest", "result":"SYNC_SERVER_OK", "context":{"environment":"Prod_southindia_prod-s01-004-apac-southindia", "migrationStage":"NotStarted", "server":"akswtt107000050"}}
{"logTime": "0921/075538", "correlationVector":"eJCgSunCdSr3SiZIsX5VgI.2","action":"Commit Response", "result":"Success", "context":Result: Success. cV=eJCgSunCdSr3SiZIsX5VgI.0;server=akswtt107000050;cloudType=Consumer;environment=Prod_southindia_prod-s01-004-apac-southindia;migrationStage=NotStarted}
{"logTime": "0921/075539", "correlationVector":"EnlElhN9jehmaQwZNPoWBU","action":"Commit Request", "result":"", "context":Item count: 40
Contributing types: Autofill}
{"logTime": "0921/075545", "correlationVector":"EnlElhN9jehmaQwZNPoWBU.1","action":"SyncServerConnectionManagerRequest", "result":"SYNC_SERVER_OK", "context":{"environment":"Prod_southindia_prod-s01-004-apac-southindia", "migrationStage":"NotStarted", "server":"akswtt1070000c1"}}
{"logTime": "0921/075545", "correlationVector":"EnlElhN9jehmaQwZNPoWBU.2","action":"Commit Response", "result":"Success", "context":Result: Success. cV=EnlElhN9jehmaQwZNPoWBU.0;server=akswtt1070000c1;cloudType=Consumer;environment=Prod_southindia_prod-s01-004-apac-southindia;migrationStage=NotStarted}
{"logTime": "0921/075549", "correlationVector":"90BACaQyLvtxJT7t7kJJk/","action":"Commit Request", "result":"", "context":Item count: 40
Contributing types: Autofill}
{"logTime": "0921/075556", "correlationVector":"90BACaQyLvtxJT7t7kJJk/.1","action":"SyncServerConnectionManagerRequest", "result":"SYNC_SERVER_OK", "context":{"environment":"Prod_southindia_prod-s01-004-apac-southindia", "migrationStage":"NotStarted", "server":"akswtt10700004t"}}
{"logTime": "0921/075556", "correlationVector":"90BACaQyLvtxJT7t7kJJk/.2","action":"Commit Response", "result":"Success", "context":Result: Success. cV=90BACaQyLvtxJT7t7kJJk/.0;server=akswtt10700004t;cloudType=Consumer;environment=Prod_southindia_prod-s01-004-apac-southindia;migrationStage=NotStarted}
{"logTime": "0921/075556", "correlationVector":"WsSmvok8S9G17MX2SKhLMl","action":"Commit Request", "result":"", "context":Item count: 40
Contributing types: Preferences, Autofill}
{"logTime": "0921/075602", "correlationVector":"WsSmvok8S9G17MX2SKhLMl.1","action":"SyncServerConnectionManagerRequest", "result":"SYNC_SERVER_OK", "context":{"environment":"Prod_southindia_prod-s01-004-apac-southindia", "migrationStage":"NotStarted", "server":"akswtt107000050"}}
{"logTime": "0921/075602", "correlationVector":"WsSmvok8S9G17MX2SKhLMl.2","action":"Commit Response", "result":"Success", "context":Result: Success. cV=WsSmvok8S9G17MX2SKhLMl.0;server=akswtt107000050;cloudType=Consumer;environment=Prod_southindia_prod-s01-004-apac-southindia;migrationStage=NotStarted}
{"logTime": "0921/075602", "correlationVector":"6EkasXyh2ZKSQshL9XCJpB","action":"Commit Request", "result":"", "context":Item count: 40
Contributing types: Autofill}
{"logTime": "0921/075609", "correlationVector":"6EkasXyh2ZKSQshL9XCJpB.1","action":"SyncServerConnectionManagerRequest", "result":"SYNC_SERVER_OK", "context":{"environment":"Prod_southindia_prod-s01-004-apac-southindia", "migrationStage":"NotStarted", "server":"akswtt10700007v"}}
{"logTime": "0921/075609", "correlationVector":"6EkasXyh2ZKSQshL9XCJpB.2","action":"Commit Response", "result":"Success", "context":Result: Success. cV=6EkasXyh2ZKSQshL9XCJpB.0;server=akswtt10700007v;cloudType=Consumer;environment=Prod_southindia_prod-s01-004-apac-southindia;migrationStage=NotStarted}
{"logTime": "0921/075609", "correlationVector":"S1b8k9DGJfDtDqcf+Um+vd","action":"Commit Request", "result":"", "context":Item count: 40
Contributing types: Autofill}
{"logTime": "0921/075616", "correlationVector":"S1b8k9DGJfDtDqcf+Um+vd.1","action":"SyncServerConnectionManagerRequest", "result":"SYNC_SERVER_OK", "context":{"environment":"Prod_southindia_prod-s01-004-apac-southindia", "migrationStage":"NotStarted", "server":"akswtt10700005p"}}
{"logTime": "0921/075616", "correlationVector":"S1b8k9DGJfDtDqcf+Um+vd.2","action":"Commit Response", "result":"Success", "context":Result: Success. cV=S1b8k9DGJfDtDqcf+Um+vd.0;server=akswtt10700005p;cloudType=Consumer;environment=Prod_southindia_prod-s01-004-apac-southindia;migrationStage=NotStarted}
{"logTime": "0921/075616", "correlationVector":"zIPCxQBNX4QPnpbIWl36Lp","action":"Commit Request", "result":"", "context":Item count: 40
Contributing types: Autofill}
{"logTime": "0921/075621", "correlationVector":"zIPCxQBNX4QPnpbIWl36Lp.1","action":"SyncServerConnectionManagerRequest", "result":"SYNC_SERVER_OK", "context":{"environment":"Prod_southeastasia_prod-s01-065-apac-southeastasia", "migrationStage":"NotStarted", "server":"akswtt00300002z"}}
{"logTime": "0921/075621", "correlationVector":"zIPCxQBNX4QPnpbIWl36Lp.2","action":"Commit Response", "result":"Success", "context":Result: Success. cV=zIPCxQBNX4QPnpbIWl36Lp.0;server=akswtt00300002z;cloudType=Consumer;environment=Prod_southeastasia_prod-s01-065-apac-southeastasia;migrationStage=NotStarted}
{"logTime": "0921/075624", "correlationVector":"nZa8FYQLVVeOGkY2M0ujx6","action":"Commit Request", "result":"", "context":Item count: 40
Contributing types: Autofill}
{"logTime": "0921/075631", "correlationVector":"nZa8FYQLVVeOGkY2M0ujx6.1","action":"SyncServerConnectionManagerRequest", "result":"SYNC_SERVER_OK", "context":{"environment":"Prod_southindia_prod-s01-004-apac-southindia", "migrationStage":"NotStarted", "server":"akswtt10700003y"}}
{"logTime": "0921/075631", "correlationVector":"nZa8FYQLVVeOGkY2M0ujx6.2","action":"Commit Response", "result":"Success", "context":Result: Success. cV=nZa8FYQLVVeOGkY2M0ujx6.0;server=akswtt10700003y;cloudType=Consumer;environment=Prod_southindia_prod-s01-004-apac-southindia;migrationStage=NotStarted}
{"logTime": "0921/075631", "correlationVector":"UrCfStG1XFv6GVXktizrtu","action":"Commit Request", "result":"", "context":Item count: 40
Contributing types: Preferences, Autofill}
{"logTime": "0921/075637", "correlationVector":"UrCfStG1XFv6GVXktizrtu.1","action":"SyncServerConnectionManagerRequest", "result":"SYNC_SERVER_OK", "context":{"environment":"Prod_southindia_prod-s01-004-apac-southindia", "migrationStage":"NotStarted", "server":"akswtt10700007v"}}
{"logTime": "0921/075637", "correlationVector":"UrCfStG1XFv6GVXktizrtu.2","action":"Commit Response", "result":"Success", "context":Result: Success. cV=UrCfStG1XFv6GVXktizrtu.0;server=akswtt10700007v;cloudType=Consumer;environment=Prod_southindia_prod-s01-004-apac-southindia;migrationStage=NotStarted}
{"logTime": "0921/075637", "correlationVector":"5trxVvF+8rh8Hh+82aKuP9","action":"Commit Request", "result":"", "context":Item count: 40
Contributing types: Autofill}
{"logTime": "0921/075644", "correlationVector":"5trxVvF+8rh8Hh+82aKuP9.1","action":"SyncServerConnectionManagerRequest", "result":"SYNC_SERVER_OK", "context":{"environment":"Prod_southindia_prod-s01-004-apac-southindia", "migrationStage":"NotStarted", "server":"akswtt10700005p"}}
{"logTime": "0921/075644", "correlationVector":"5trxVvF+8rh8Hh+82aKuP9.2","action":"Commit Response", "result":"Success", "context":Result: Success. cV=5trxVvF+8rh8Hh+82aKuP9.0;server=akswtt10700005p;cloudType=Consumer;environment=Prod_southindia_prod-s01-004-apac-southindia;migrationStage=NotStarted}
{"logTime": "0921/075644", "correlationVector":"MQmj5dUKLzGJh84D9VQLW1","action":"Commit Request", "result":"", "context":Item count: 40
Contributing types: Autofill}
{"logTime": "0921/075650", "correlationVector":"MQmj5dUKLzGJh84D9VQLW1.1","action":"SyncServerConnectionManagerRequest", "result":"SYNC_SERVER_OK", "context":{"environment":"Prod_southindia_prod-s01-004-apac-southindia", "migrationStage":"NotStarted", "server":"akswtt1070000be"}}
{"logTime": "0921/075650", "correlationVector":"MQmj5dUKLzGJh84D9VQLW1.2","action":"Commit Response", "result":"Success", "context":Result: Success. cV=MQmj5dUKLzGJh84D9VQLW1.0;server=akswtt1070000be;cloudType=Consumer;environment=Prod_southindia_prod-s01-004-apac-southindia;migrationStage=NotStarted}
{"logTime": "0921/075650", "correlationVector":"+b1HfIg2t8smt0pSpeVH+o","action":"Commit Request", "result":"", "context":Item count: 40
Contributing types: Autofill}
{"logTime": "0921/075655", "correlationVector":"+b1HfIg2t8smt0pSpeVH+o.1","action":"SyncServerConnectionManagerRequest", "result":"SYNC_SERVER_OK", "context":{"environment":"Prod_southeastasia_prod-s01-065-apac-southeastasia", "migrationStage":"NotStarted", "server":"akswtt00300001r"}}
{"logTime": "0921/075655", "correlationVector":"+b1HfIg2t8smt0pSpeVH+o.2","action":"Commit Response", "result":"Success", "context":Result: Success. cV=+b1HfIg2t8smt0pSpeVH+o.0;server=akswtt00300001r;cloudType=Consumer;environment=Prod_southeastasia_prod-s01-065-apac-southeastasia;migrationStage=NotStarted}
{"logTime": "0921/075655", "correlationVector":"kiSbRHQmE4qyFGudoo72pk","action":"Commit Request", "result":"", "context":Item count: 23
Contributing types: Autofill, Sessions, History, Edge Hub App Usage}
{"logTime": "0921/075659", "correlationVector":"kiSbRHQmE4qyFGudoo72pk.1","action":"SyncServerConnectionManagerRequest", "result":"SYNC_SERVER_OK", "context":{"environment":"Prod_southeastasia_prod-s01-065-apac-southeastasia", "migrationStage":"NotStarted", "server":"akswtt00300001o"}}
{"logTime": "0921/075659", "correlationVector":"kiSbRHQmE4qyFGudoo72pk.2","action":"Commit Response", "result":"Success", "context":Result: Success. cV=kiSbRHQmE4qyFGudoo72pk.0;server=akswtt00300001o;cloudType=Consumer;environment=Prod_southeastasia_prod-s01-065-apac-southeastasia;migrationStage=NotStarted}
{"logTime": "0921/075659", "correlationVector":"FpuuT45Rkxfkjhi8eJIaeZ","action":"Commit Request", "result":"", "context":Item count: 2
Contributing types: Sessions, History}
{"logTime": "0921/075700", "correlationVector":"FpuuT45Rkxfkjhi8eJIaeZ.1","action":"SyncServerConnectionManagerRequest", "result":"SYNC_SERVER_OK", "context":{"environment":"Prod_southindia_prod-s01-004-apac-southindia", "migrationStage":"NotStarted", "server":"akswtt107000043"}}
{"logTime": "0921/075700", "correlationVector":"FpuuT45Rkxfkjhi8eJIaeZ.2","action":"Commit Response", "result":"Success", "context":Result: Success. cV=FpuuT45Rkxfkjhi8eJIaeZ.0;server=akswtt107000043;cloudType=Consumer;environment=Prod_southindia_prod-s01-004-apac-southindia;migrationStage=NotStarted}
{"logTime": "0921/075730", "correlationVector":"+6itMUKxEYxb0gdNrOl2sW","action":"Commit Request", "result":"", "context":Item count: 2
Contributing types: Extensions, Sessions}
{"logTime": "0921/075730", "correlationVector":"+6itMUKxEYxb0gdNrOl2sW.1","action":"SyncServerConnectionManagerRequest", "result":"SYNC_SERVER_OK", "context":{"environment":"Prod_southeastasia_prod-s01-065-apac-southeastasia", "migrationStage":"NotStarted", "server":"akswtt00300004h"}}
{"logTime": "0921/075730", "correlationVector":"+6itMUKxEYxb0gdNrOl2sW.2","action":"Commit Response", "result":"Success", "context":Result: Success. cV=+6itMUKxEYxb0gdNrOl2sW.0;server=akswtt00300004h;cloudType=Consumer;environment=Prod_southeastasia_prod-s01-065-apac-southeastasia;migrationStage=NotStarted}
{"logTime": "0921/075858", "correlationVector":"nyQCeDRlij7LLCc9Y7Gcse","action":"Commit Request", "result":"", "context":Item count: 6
Contributing types: Preferences, Sessions, History}
{"logTime": "0921/075859", "correlationVector":"nyQCeDRlij7LLCc9Y7Gcse.1","action":"SyncServerConnectionManagerRequest", "result":"SYNC_SERVER_OK", "context":{"environment":"Prod_southindia_prod-s01-004-apac-southindia", "migrationStage":"NotStarted", "server":"akswtt107000055"}}
{"logTime": "0921/075859", "correlationVector":"nyQCeDRlij7LLCc9Y7Gcse.2","action":"Commit Response", "result":"Success", "context":Result: Success. cV=nyQCeDRlij7LLCc9Y7Gcse.0;server=akswtt107000055;cloudType=Consumer;environment=Prod_southindia_prod-s01-004-apac-southindia;migrationStage=NotStarted}
{"logTime": "0921/075859", "correlationVector":"nyQCeDRlij7LLCc9Y7Gcse.3","action":"Commit.Sessions", "result":"Success", "context":{"id":"9f21a0df-d5d0-4b6b-adb2-1a77f2d7dd90", "isDeleted":"true", "size":"0", "version":"1789977450837"}}
{"logTime": "0921/075905", "correlationVector":"zLIYppD4amay1cgOVT7VR6","action":"Commit Request", "result":"", "context":Item count: 4
Contributing types: Preferences, Sessions, History}
{"logTime": "0921/075906", "correlationVector":"zLIYppD4amay1cgOVT7VR6.1","action":"SyncServerConnectionManagerRequest", "result":"SYNC_SERVER_OK", "context":{"environment":"Prod_southindia_prod-s01-004-apac-southindia", "migrationStage":"NotStarted", "server":"akswtt107000055"}}
{"logTime": "0921/075906", "correlationVector":"zLIYppD4amay1cgOVT7VR6.2","action":"Commit Response", "result":"Success", "context":Result: Success. cV=zLIYppD4amay1cgOVT7VR6.0;server=akswtt107000055;cloudType=Consumer;environment=Prod_southindia_prod-s01-004-apac-southindia;migrationStage=NotStarted}
{"logTime": "0921/075926", "correlationVector":"6lA3VJu/RTyxJl07AVUzUt","action":"Commit Request", "result":"", "context":Item count: 4
Contributing types: Autofill, Sessions, History}
{"logTime": "0921/075927", "correlationVector":"6lA3VJu/RTyxJl07AVUzUt.1","action":"SyncServerConnectionManagerRequest", "result":"SYNC_SERVER_OK", "context":{"environment":"Prod_southindia_prod-s01-004-apac-southindia", "migrationStage":"NotStarted", "server":"akswtt10700004g"}}
{"logTime": "0921/075927", "correlationVector":"6lA3VJu/RTyxJl07AVUzUt.2","action":"Commit Response", "result":"Success", "context":Result: Success. cV=6lA3VJu/RTyxJl07AVUzUt.0;server=akswtt10700004g;cloudType=Consumer;environment=Prod_southindia_prod-s01-004-apac-southindia;migrationStage=NotStarted}
{"logTime": "0921/075959", "correlationVector":"yiSE92OAAAhQtWWcGni5r0","action":"Commit Request", "result":"", "context":Item count: 10
Contributing types: Preferences, Passwords, Sessions, History}
{"logTime": "0921/080001", "correlationVector":"yiSE92OAAAhQtWWcGni5r0.1","action":"SyncServerConnectionManagerRequest", "result":"SYNC_SERVER_OK", "context":{"environment":"Prod_southindia_prod-s01-004-apac-southindia", "migrationStage":"NotStarted", "server":"akswtt10700004v"}}
{"logTime": "0921/080001", "correlationVector":"yiSE92OAAAhQtWWcGni5r0.2","action":"Commit Response", "result":"Success", "context":Result: Success. cV=yiSE92OAAAhQtWWcGni5r0.0;server=akswtt10700004v;cloudType=Consumer;environment=Prod_southindia_prod-s01-004-apac-southindia;migrationStage=NotStarted}
